// Jest Snapshot v1, https://goo.gl/fbAQLP

exports[`Contact should render correctly 1`] = `
<styled.div>
  <div>
    <styled.form
      data-name="submit-form"
      onSubmit={[Function]}
    >
      <styled.h4>
        Contact Us
      </styled.h4>
      <label>
        <styled.input
          data-name="userName"
          name="name-entry"
          onChange={[Function]}
          placeholder="Type your name here"
          required={true}
          type="Text"
          value=""
        />
      </label>
      <label>
        <styled.input
          data-name="userEmail"
          id="email-entry"
          name="email-entry"
          onChange={[Function]}
          placeholder="Type your email here"
          required={true}
          type="Text"
          value=""
        />
      </label>
      <label>
        <styled.textarea
          data-name="userMessage"
          id="contact-entry"
          name="contact-entry"
          onChange={[Function]}
          placeholder="Please enter your message here"
          required={true}
          type="Text"
          value=""
        />
      </label>
      <div
        className="btn-group center"
      >
        <button
          className="btn btn--cancel grey"
        >
          Cancel
        </button>
        <input
          className="btn btn--submit grey"
          data-name="submitContact"
          type="submit"
          value="Submit"
        />
      </div>
    </styled.form>
  </div>
</styled.div>
`;
