// Jest Snapshot v1, https://goo.gl/fbAQLP

exports[`EditForm should render correctly 1`] = `
<div
  className="center post card"
>
  <form
    onSubmit={[Function]}
  >
    <input
      data-name="userEditTitle"
      onChange={[Function]}
      placeholder="Your title"
      value="First post"
    />
    <textarea
      data-name="userEditBody"
      onChange={[Function]}
      placeholder="Insert the post body"
      value="First body"
    />
    <button
      data-name="EditSubmit"
      onClick={[Function]}
      type="Submit"
    >
      Submit 
    </button>
  </form>
</div>
`;
