// Jest Snapshot v1, https://goo.gl/fbAQLP

exports[`EditForm should render correctly 1`] = `
<div
  className="center post card"
>
  <form
    onSubmit={[Function]}
  >
    <input
      data-name="userEditTitle"
      onChange={[Function]}
      placeholder="Your title"
      value="First post"
    />
    <textarea
      data-name="userEditBody"
      onChange={[Function]}
      placeholder="Insert the post body"
      value="First body"
    />
    <button
      data-name="EditSubmit"
      onClick={[Function]}
      type="Submit"
    >
      Submit 
    </button>
  </form>
</div>
`;

exports[`EditFormConnected should dispatch EDIT_POST action 1`] = `
<Provider
  store={
    Object {
      "clearActions": [Function],
      "dispatch": [Function],
      "getActions": [Function],
      "getState": [Function],
      "replaceReducer": [Function],
      "subscribe": [Function],
    }
  }
>
  <BrowserRouter>
    <Router
      history={
        Object {
          "action": "POP",
          "block": [Function],
          "createHref": [Function],
          "go": [Function],
          "goBack": [Function],
          "goForward": [Function],
          "length": 1,
          "listen": [Function],
          "location": Object {
            "hash": "",
            "pathname": "/",
            "search": "",
            "state": undefined,
          },
          "push": [Function],
          "replace": [Function],
        }
      }
    >
      <Connect(EditForm)
        history={
          Object {
            "push": [MockFunction] {
              "calls": Array [
                Array [
                  "/",
                ],
              ],
              "results": Array [
                Object {
                  "isThrow": false,
                  "value": undefined,
                },
              ],
            },
          }
        }
        post={
          Object {
            "body": "First body",
            "id": "2",
            "title": "First post",
          }
        }
      >
        <EditForm
          editPost={[Function]}
          history={
            Object {
              "push": [MockFunction] {
                "calls": Array [
                  Array [
                    "/",
                  ],
                ],
                "results": Array [
                  Object {
                    "isThrow": false,
                    "value": undefined,
                  },
                ],
              },
            }
          }
          post={
            Object {
              "body": "First body",
              "id": "2",
              "title": "First post",
            }
          }
        >
          <div
            className="center post card"
          >
            <form
              onSubmit={[Function]}
            >
              <input
                data-name="userEditTitle"
                onChange={[Function]}
                placeholder="Your title"
                value="First post edited"
              />
              <textarea
                data-name="userEditBody"
                onChange={[Function]}
                placeholder="Insert the post body"
                value="First body edited"
              />
              <button
                data-name="EditSubmit"
                onClick={[Function]}
                type="Submit"
              >
                Submit 
              </button>
            </form>
          </div>
        </EditForm>
      </Connect(EditForm)>
    </Router>
  </BrowserRouter>
</Provider>
`;
