// Jest Snapshot v1, https://goo.gl/fbAQLP

exports[`Post should render correctly 1`] = `
<div
  className="container"
>
  <div
    className="center"
  >
    Loding post.....
  </div>
</div>
`;

exports[`Post should render correctly without posts 1`] = `
<div
  className="container"
>
  <div
    className="center"
  >
    Loding post.....
  </div>
</div>
`;
